[ip-192-168-52-146:05863] Rank 0 bound to package[0][core:0]
[ip-192-168-52-146:05863] Rank 1 bound to package[0][core:1]
[ip-192-168-52-146:05863] Rank 2 bound to package[0][core:2]
[ip-192-168-52-146:05863] Rank 3 bound to package[0][core:3]
[ip-192-168-52-146:05863] Rank 4 bound to package[0][core:4]
[ip-192-168-52-146:05863] Rank 6 bound to package[0][core:6]
[ip-192-168-52-146:05863] Rank 7 bound to package[0][core:7]
[ip-192-168-52-146:05863] Rank 8 bound to package[0][core:8]
[ip-192-168-52-146:05863] Rank 5 bound to package[0][core:5]
[ip-192-168-52-146:05863] Rank 9 bound to package[0][core:9]
[ip-192-168-52-146:05863] Rank 10 bound to package[0][core:10]
[ip-192-168-52-146:05863] Rank 11 bound to package[0][core:11]
[ip-192-168-52-146:05863] Rank 12 bound to package[0][core:12]
[ip-192-168-52-146:05863] Rank 13 bound to package[0][core:13]
[ip-192-168-52-146:05863] Rank 14 bound to package[0][core:14]
[ip-192-168-52-146:05863] Rank 15 bound to package[0][core:15]
[ip-192-168-52-146:05863] Rank 17 bound to package[0][core:17]
[ip-192-168-52-146:05863] Rank 16 bound to package[0][core:16]
[ip-192-168-52-146:05863] Rank 18 bound to package[0][core:18]
[ip-192-168-52-146:05863] Rank 19 bound to package[0][core:19]
[ip-192-168-52-146:05863] Rank 22 bound to package[0][core:22]
[ip-192-168-52-146:05863] Rank 20 bound to package[0][core:20]
[ip-192-168-52-146:05863] Rank 21 bound to package[0][core:21]
[ip-192-168-52-146:05863] Rank 26 bound to package[0][core:26]
[ip-192-168-52-146:05863] Rank 27 bound to package[0][core:27]
[ip-192-168-52-146:05863] Rank 28 bound to package[0][core:28]
[ip-192-168-52-146:05863] Rank 23 bound to package[0][core:23]
[ip-192-168-52-146:05863] Rank 30 bound to package[0][core:30]
[ip-192-168-52-146:05863] Rank 24 bound to package[0][core:24]
[ip-192-168-52-146:05863] Rank 29 bound to package[0][core:29]
[ip-192-168-52-146:05863] Rank 25 bound to package[0][core:25]
[ip-192-168-52-146:05863] Rank 31 bound to package[0][core:31]
[ip-192-168-52-146:05863] Rank 34 bound to package[0][core:34]
[ip-192-168-52-146:05863] Rank 35 bound to package[0][core:35]
[ip-192-168-52-146:05863] Rank 36 bound to package[0][core:36]
[ip-192-168-52-146:05863] Rank 33 bound to package[0][core:33]
[ip-192-168-52-146:05863] Rank 39 bound to package[0][core:39]
[ip-192-168-52-146:05863] Rank 40 bound to package[0][core:40]
[ip-192-168-52-146:05863] Rank 38 bound to package[0][core:38]
[ip-192-168-52-146:05863] Rank 44 bound to package[0][core:44]
[ip-192-168-52-146:05863] Rank 43 bound to package[0][core:43]
[ip-192-168-52-146:05863] Rank 42 bound to package[0][core:42]
[ip-192-168-52-146:05863] Rank 47 bound to package[0][core:47]
[ip-192-168-52-146:05863] Rank 41 bound to package[0][core:41]
[ip-192-168-52-146:05863] Rank 45 bound to package[0][core:45]
[ip-192-168-52-146:05863] Rank 46 bound to package[0][core:46]
[ip-192-168-52-146:05863] Rank 37 bound to package[0][core:37]
[ip-192-168-52-146:05863] Rank 32 bound to package[0][core:32]
[ip-192-168-52-146:05863] Rank 55 bound to package[0][core:55]
[ip-192-168-52-146:05863] Rank 54 bound to package[0][core:54]
[ip-192-168-52-146:05863] Rank 56 bound to package[0][core:56]
[ip-192-168-52-146:05863] Rank 51 bound to package[0][core:51]
[ip-192-168-52-146:05863] Rank 52 bound to package[0][core:52]
[ip-192-168-52-146:05863] Rank 60 bound to package[0][core:60]
[ip-192-168-52-146:05863] Rank 57 bound to package[0][core:57]
[ip-192-168-52-146:05863] Rank 59 bound to package[0][core:59]
[ip-192-168-52-146:05863] Rank 58 bound to package[0][core:58]
[ip-192-168-52-146:05863] Rank 61 bound to package[0][core:61]
[ip-192-168-52-146:05863] Rank 53 bound to package[0][core:53]
[ip-192-168-52-146:05863] Rank 50 bound to package[0][core:50]
[ip-192-168-52-146:05863] Rank 62 bound to package[0][core:62]
[ip-192-168-52-146:05863] Rank 63 bound to package[0][core:63]
[ip-192-168-52-146:05863] Rank 49 bound to package[0][core:49]
[ip-192-168-52-146:05863] Rank 48 bound to package[0][core:48]
[ip-192-168-52-146:05863] Rank 65 bound to package[0][core:65]
[ip-192-168-52-146:05863] Rank 64 bound to package[0][core:64]
[ip-192-168-52-146:05863] Rank 66 bound to package[0][core:66]
[ip-192-168-52-146:05863] Rank 67 bound to package[0][core:67]
[ip-192-168-52-146:05863] Rank 68 bound to package[0][core:68]
[ip-192-168-52-146:05863] Rank 70 bound to package[0][core:70]
[ip-192-168-52-146:05863] Rank 69 bound to package[0][core:69]
[ip-192-168-52-146:05863] Rank 71 bound to package[0][core:71]
[ip-192-168-52-146:05863] Rank 72 bound to package[0][core:72]
[ip-192-168-52-146:05863] Rank 74 bound to package[0][core:74]
[ip-192-168-52-146:05863] Rank 73 bound to package[0][core:73]
[ip-192-168-52-146:05863] Rank 75 bound to package[0][core:75]
[ip-192-168-52-146:05863] Rank 77 bound to package[0][core:77]
[ip-192-168-52-146:05863] Rank 76 bound to package[0][core:76]
[ip-192-168-52-146:05863] Rank 78 bound to package[0][core:78]
[ip-192-168-52-146:05863] Rank 79 bound to package[0][core:79]
[ip-192-168-52-146:05863] Rank 82 bound to package[0][core:82]
[ip-192-168-52-146:05863] Rank 81 bound to package[0][core:81]
[ip-192-168-52-146:05863] Rank 83 bound to package[0][core:83]
[ip-192-168-52-146:05863] Rank 85 bound to package[0][core:85]
[ip-192-168-52-146:05863] Rank 84 bound to package[0][core:84]
[ip-192-168-52-146:05863] Rank 86 bound to package[0][core:86]
[ip-192-168-52-146:05863] Rank 87 bound to package[0][core:87]
[ip-192-168-52-146:05863] Rank 88 bound to package[0][core:88]
[ip-192-168-52-146:05863] Rank 90 bound to package[0][core:90]
[ip-192-168-52-146:05863] Rank 92 bound to package[0][core:92]
[ip-192-168-52-146:05863] Rank 91 bound to package[0][core:91]
[ip-192-168-52-146:05863] Rank 94 bound to package[0][core:94]
[ip-192-168-52-146:05863] Rank 89 bound to package[0][core:89]
[ip-192-168-52-146:05863] Rank 93 bound to package[0][core:93]
[ip-192-168-52-146:05863] Rank 80 bound to package[0][core:80]
[ip-192-168-52-146:05863] Rank 95 bound to package[0][core:95]
[ip-192-168-52-146:05863] Rank 99 bound to package[1][core:99]
[ip-192-168-52-146:05863] Rank 100 bound to package[1][core:100]
[ip-192-168-52-146:05863] Rank 102 bound to package[1][core:102]
[ip-192-168-52-146:05863] Rank 98 bound to package[1][core:98]
[ip-192-168-52-146:05863] Rank 104 bound to package[1][core:104]
[ip-192-168-52-146:05863] Rank 103 bound to package[1][core:103]
[ip-192-168-52-146:05863] Rank 101 bound to package[1][core:101]
[ip-192-168-52-146:05863] Rank 108 bound to package[1][core:108]
[ip-192-168-52-146:05863] Rank 109 bound to package[1][core:109]
[ip-192-168-52-146:05863] Rank 105 bound to package[1][core:105]
[ip-192-168-52-146:05863] Rank 106 bound to package[1][core:106]
[ip-192-168-52-146:05863] Rank 111 bound to package[1][core:111]
[ip-192-168-52-146:05863] Rank 97 bound to package[1][core:97]
[ip-192-168-52-146:05863] Rank 110 bound to package[1][core:110]
[ip-192-168-52-146:05863] Rank 107 bound to package[1][core:107]
[ip-192-168-52-146:05863] Rank 96 bound to package[1][core:96]
[ip-192-168-52-146:05863] Rank 115 bound to package[1][core:115]
[ip-192-168-52-146:05863] Rank 114 bound to package[1][core:114]
[ip-192-168-52-146:05863] Rank 116 bound to package[1][core:116]
[ip-192-168-52-146:05863] Rank 117 bound to package[1][core:117]
[ip-192-168-52-146:05863] Rank 119 bound to package[1][core:119]
[ip-192-168-52-146:05863] Rank 118 bound to package[1][core:118]
[ip-192-168-52-146:05863] Rank 121 bound to package[1][core:121]
[ip-192-168-52-146:05863] Rank 120 bound to package[1][core:120]
[ip-192-168-52-146:05863] Rank 124 bound to package[1][core:124]
[ip-192-168-52-146:05863] Rank 125 bound to package[1][core:125]
[ip-192-168-52-146:05863] Rank 123 bound to package[1][core:123]
[ip-192-168-52-146:05863] Rank 122 bound to package[1][core:122]
[ip-192-168-52-146:05863] Rank 113 bound to package[1][core:113]
[ip-192-168-52-146:05863] Rank 126 bound to package[1][core:126]
[ip-192-168-52-146:05863] Rank 127 bound to package[1][core:127]
[ip-192-168-52-146:05863] Rank 112 bound to package[1][core:112]
[ip-192-168-52-146:05863] Rank 130 bound to package[1][core:130]
[ip-192-168-52-146:05863] Rank 132 bound to package[1][core:132]
[ip-192-168-52-146:05863] Rank 133 bound to package[1][core:133]
[ip-192-168-52-146:05863] Rank 134 bound to package[1][core:134]
[ip-192-168-52-146:05863] Rank 131 bound to package[1][core:131]
[ip-192-168-52-146:05863] Rank 135 bound to package[1][core:135]
[ip-192-168-52-146:05863] Rank 137 bound to package[1][core:137]
[ip-192-168-52-146:05863] Rank 136 bound to package[1][core:136]
[ip-192-168-52-146:05863] Rank 138 bound to package[1][core:138]
[ip-192-168-52-146:05863] Rank 139 bound to package[1][core:139]
[ip-192-168-52-146:05863] Rank 140 bound to package[1][core:140]
[ip-192-168-52-146:05863] Rank 141 bound to package[1][core:141]
[ip-192-168-52-146:05863] Rank 128 bound to package[1][core:128]
[ip-192-168-52-146:05863] Rank 129 bound to package[1][core:129]
[ip-192-168-52-146:05863] Rank 142 bound to package[1][core:142]
[ip-192-168-52-146:05863] Rank 143 bound to package[1][core:143]
[ip-192-168-52-146:05863] Rank 145 bound to package[1][core:145]
[ip-192-168-52-146:05863] Rank 147 bound to package[1][core:147]
[ip-192-168-52-146:05863] Rank 146 bound to package[1][core:146]
[ip-192-168-52-146:05863] Rank 144 bound to package[1][core:144]
[ip-192-168-52-146:05863] Rank 148 bound to package[1][core:148]
[ip-192-168-52-146:05863] Rank 150 bound to package[1][core:150]
[ip-192-168-52-146:05863] Rank 149 bound to package[1][core:149]
[ip-192-168-52-146:05863] Rank 151 bound to package[1][core:151]
[ip-192-168-52-146:05863] Rank 152 bound to package[1][core:152]
[ip-192-168-52-146:05863] Rank 154 bound to package[1][core:154]
[ip-192-168-52-146:05863] Rank 156 bound to package[1][core:156]
[ip-192-168-52-146:05863] Rank 155 bound to package[1][core:155]
[ip-192-168-52-146:05863] Rank 153 bound to package[1][core:153]
[ip-192-168-52-146:05863] Rank 157 bound to package[1][core:157]
[ip-192-168-52-146:05863] Rank 158 bound to package[1][core:158]
[ip-192-168-52-146:05863] Rank 159 bound to package[1][core:159]
[ip-192-168-52-146:05863] Rank 160 bound to package[1][core:160]
[ip-192-168-52-146:05863] Rank 161 bound to package[1][core:161]
[ip-192-168-52-146:05863] Rank 163 bound to package[1][core:163]
[ip-192-168-52-146:05863] Rank 164 bound to package[1][core:164]
[ip-192-168-52-146:05863] Rank 165 bound to package[1][core:165]
[ip-192-168-52-146:05863] Rank 162 bound to package[1][core:162]
[ip-192-168-52-146:05863] Rank 167 bound to package[1][core:167]
[ip-192-168-52-146:05863] Rank 168 bound to package[1][core:168]
[ip-192-168-52-146:05863] Rank 166 bound to package[1][core:166]
[ip-192-168-52-146:05863] Rank 169 bound to package[1][core:169]
[ip-192-168-52-146:05863] Rank 171 bound to package[1][core:171]
[ip-192-168-52-146:05863] Rank 170 bound to package[1][core:170]
[ip-192-168-52-146:05863] Rank 173 bound to package[1][core:173]
[ip-192-168-52-146:05863] Rank 174 bound to package[1][core:174]
[ip-192-168-52-146:05863] Rank 172 bound to package[1][core:172]
[ip-192-168-52-146:05863] Rank 175 bound to package[1][core:175]
[ip-192-168-52-146:05863] Rank 176 bound to package[1][core:176]
[ip-192-168-52-146:05863] Rank 179 bound to package[1][core:179]
[ip-192-168-52-146:05863] Rank 177 bound to package[1][core:177]
[ip-192-168-52-146:05863] Rank 180 bound to package[1][core:180]
[ip-192-168-52-146:05863] Rank 183 bound to package[1][core:183]
[ip-192-168-52-146:05863] Rank 178 bound to package[1][core:178]
[ip-192-168-52-146:05863] Rank 181 bound to package[1][core:181]
[ip-192-168-52-146:05863] Rank 182 bound to package[1][core:182]
[ip-192-168-52-146:05863] Rank 186 bound to package[1][core:186]
[ip-192-168-52-146:05863] Rank 185 bound to package[1][core:185]
[ip-192-168-52-146:05863] Rank 187 bound to package[1][core:187]
[ip-192-168-52-146:05863] Rank 184 bound to package[1][core:184]
[ip-192-168-52-146:05863] Rank 189 bound to package[1][core:189]
[ip-192-168-52-146:05863] Rank 191 bound to package[1][core:191]
[ip-192-168-52-146:05863] Rank 188 bound to package[1][core:188]
[ip-192-168-52-146:05863] Rank 190 bound to package[1][core:190]

_____________     _______
_____   __   \____ __   /____ ____________
____   /_/  /  __ ` /  /  __ ` /  ___/  _ \
___   _____/  /_/  /  /  /_/  /  /__/  ___/
  /__/     \___,__/__/\___,__/\_____\_____/

Git changeset ID: v0.17.0-1031-gd8e613a913-frozen
Running with 192 MPI processes
Device configuration: cpu
Memory configuration: host-std
libCEED backend: /cpu/self/xsmm/blocked


Characteristic length and time scales:
 Lc = 2.557e-05 m, tc = 8.531e-05 ns
Finished partitioning mesh into 192 subdomains

Mesh curvature order: 1
Mesh bounding box:
 (Xmin, Ymin, Zmin) = (-1.155e-05, -1.260e-05, -1.950e-06) m
 (Xmax, Ymax, Zmax) = (+1.313e-05, +1.297e-05, +2.000e-06) m

Parallel Mesh Stats:

                minimum     average     maximum       total
 vertices          3466        5524        8993     1060716
 edges            26993       32625       41373     6264062
 faces            47333       51698       57578     9926204
 elements         23258       24598       25271     4722858
 neighbors            2           8          21

            minimum     maximum
 h      3.88975e-06   0.0101223
 kappa      1.00101     417.805

Estimated current per-rank memory usage is: Min. 74.5M, Max. 1.3G, Avg. 87.7M, Total 16.4G
Estimated current per-node memory usage is: Min. 16.4G, Max. 16.4G, Avg. 16.4G, Total 16.4G

Configuring Dirichlet BC at attributes:
 1, 5001-5002, 16001-16002, 26001-26002, 36001-36002, 46001-46002, 56001-56002,
 66001-66002, 76001-76002, 86001-86002, 96001-96002, 106001-106002,
 116001-116002, 126001-126002, 136001-136002, 146001-146002, 156001-156002

Assembling system matrices, number of global unknowns:
 H1 (p = 5): 125247120, ND (p = 5): 436796590, RT (p = 5): 500752960
 Operator assembly level: Partial
 Mesh geometries:
  Tetrahedron: P = 140, Q = 81 (quadrature order = 10),
  Prism: P = 315, Q = 150 (quadrature order = 10),
  Pyramid: P = 400, Q = 216 (quadrature order = 10)

Assembling multigrid hierarchy:
 Level 0 (p = 1): 1060716 unknowns
 Level 1 (p = 2): 8178162 unknowns
 Level 2 (p = 3): 27289962 unknowns
 Level 3 (p = 5): 125247120 unknowns

Computing electrostatic fields for 5 sources

It 1/5: Index = 1 (elapsed time = 1.91e-07 s)

PCG solver converged in 47 iterations (avg. reduction factor: 6.124e-01)
 Sol. ||V|| = 3.085882e+02 (||RHS|| = 7.318690e+01)
 Field energy E = 1.058e-14 J
 Updating solution error estimates

It 2/5: Index = 2 (elapsed time = 3.58e+02 s)

PCG solver converged in 32 iterations (avg. reduction factor: 4.830e-01)
 Sol. ||V|| = 1.637600e+02 (||RHS|| = 3.841182e+01)
 Field energy E = 2.398e-15 J
 Updating solution error estimates

It 3/5: Index = 3 (elapsed time = 6.10e+02 s)

PCG solver converged in 35 iterations (avg. reduction factor: 5.160e-01)
 Sol. ||V|| = 1.519705e+02 (||RHS|| = 3.712135e+01)
 Field energy E = 3.727e-15 J
 Updating solution error estimates

It 4/5: Index = 4 (elapsed time = 8.83e+02 s)

PCG solver converged in 34 iterations (avg. reduction factor: 5.018e-01)
 Sol. ||V|| = 1.446929e+02 (||RHS|| = 3.640343e+01)
 Field energy E = 4.327e-15 J
 Updating solution error estimates

It 5/5: Index = 5 (elapsed time = 1.15e+03 s)

PCG solver converged in 33 iterations (avg. reduction factor: 4.965e-01)
 Sol. ||V|| = 1.356793e+02 (||RHS|| = 3.559613e+01)
 Field energy E = 5.164e-15 J
 Updating solution error estimates

Completed 0 iterations of adaptive mesh refinement (AMR):
 Indicator norm = 1.458e-01, global unknowns = 125247120
 Max. iterations = 0, tol. = 1.000e-02

Estimated peak per-rank memory usage is: Min. 3.5G, Max. 5.8G, Avg. 4.2G, Total 801.1G
Estimated peak per-node memory usage is: Min. 801.1G, Max. 801.1G, Avg. 801.1G, Total 801.1G

Elapsed Time Report (s)           Min.        Max.        Avg.
==============================================================
Initialization                   4.075      25.881      25.757
  Mesh Preprocessing            23.186      44.987      23.305
Operator Construction           12.117      14.706      13.060
  Surface Post Setup             0.793       1.250       0.896
Linear Solve                    36.714      72.988      51.097
  Setup                         38.130      38.584      38.477
  Preconditioner              1238.440    1283.580    1266.774
  Coarse Solve                   0.830      11.892       4.061
Estimation                       1.777       2.981       2.155
  Construction                 134.081     135.971     135.677
  Solve                         30.990      31.065      31.058
Postprocessing                  49.497      49.748      49.655
Disk IO                         36.892      36.925      36.908
--------------------------------------------------------------
Total                         1681.518    1681.677    1681.595

Peak Memory                   Per-Node       Total   Total HWM
==============================================================
Initialization                  167.1M      167.1M      167.1M
  Mesh Preprocessing              3.9G        3.9G        4.1G
Operator Construction           119.3G      119.3G      123.4G
  Surface Post Setup              0.0K        0.0K      123.4G
Linear Solve                      0.0K        0.0K      123.4G
  Setup                         187.5G      187.5G      310.9G
  Preconditioner                120.0M      120.0M      311.0G
  Coarse Solve                    4.1M        4.1M      311.0G
Estimation                       57.0G       57.0G      368.0G
  Construction                  318.7G      318.7G      686.6G
  Solve                          85.8G       85.8G      772.4G
Postprocessing                   14.6G       14.6G      787.1G
Disk IO                           2.3G        2.3G      789.4G
--------------------------------------------------------------
Total                           798.9G      798.9G      798.9G

