four-edge-9d2cb9bbb3fe: planned ['four-edge-9d2cb9bbb3fe-p4-worker', 'four-edge-9d2cb9bbb3fe-p4-reducer', 'four-edge-9d2cb9bbb3fe-p5-control-worker', 'four-edge-9d2cb9bbb3fe-p5-control-reducer', 'four-edge-9d2cb9bbb3fe-p3-control-worker', 'four-edge-9d2cb9bbb3fe-p3-control-reducer', 'four-edge-9d2cb9bbb3fe-p4-local-edge'] (policy frugal: N = 1 of at most 2 (blocks [80] sources; controls + local-edge in worker-1); longest job 113 min, critical path 113 min, node time 1.89 h at 2.0x PCG (+35% and preflight) against the 6.0 h walltime)
two-edge-8dd4bc70f183: planned ['two-edge-8dd4bc70f183-p4-worker', 'two-edge-8dd4bc70f183-p4-reducer', 'two-edge-8dd4bc70f183-p5-worker', 'two-edge-8dd4bc70f183-p5-reducer', 'two-edge-8dd4bc70f183-p5-control-worker', 'two-edge-8dd4bc70f183-p5-control-reducer', 'two-edge-8dd4bc70f183-p3-control-worker', 'two-edge-8dd4bc70f183-p3-control-reducer', 'two-edge-8dd4bc70f183-p4-local-edge'] (policy frugal: N = 1 of at most 2 (blocks [78] sources; controls + local-edge in worker-1); longest job 114 min, critical path 114 min, node time 1.90 h at 2.0x PCG (+35% and preflight) against the 6.0 h walltime)
four-edge-9d2cb9bbb3fe: submitted single 46729.ip-192-168-54-24.us-west-2.compute.internal (1 user jobs before, cap 40; /data/home/simlap/coupon_accuracy_assessment_20260913/library-ma-sharp-01/four-edge-9d2cb9bbb3fe)
two-edge-8dd4bc70f183: submitted single 46730.ip-192-168-54-24.us-west-2.compute.internal (2 user jobs before, cap 40; /data/home/simlap/coupon_accuracy_assessment_20260913/library-ma-sharp-01/two-edge-8dd4bc70f183)
== 2026-09-22T03:14:14Z four-edge-9d2cb9bbb3fe single job 46729.ip-192-168-54-24.us-west-2.compute.internal state Q stages None
== 2026-09-22T03:14:14Z two-edge-8dd4bc70f183 single job 46730.ip-192-168-54-24.us-west-2.compute.internal state Q stages None
== 2026-09-22T03:15:45Z four-edge-9d2cb9bbb3fe single job 46729.ip-192-168-54-24.us-west-2.compute.internal state R stages []
== 2026-09-22T03:15:45Z two-edge-8dd4bc70f183 single job 46730.ip-192-168-54-24.us-west-2.compute.internal state R stages []
== 2026-09-22T03:17:15Z four-edge-9d2cb9bbb3fe single job 46729.ip-192-168-54-24.us-west-2.compute.internal state R stages []
== 2026-09-22T03:17:15Z two-edge-8dd4bc70f183 single job 46730.ip-192-168-54-24.us-west-2.compute.internal state R stages []
== 2026-09-22T03:18:46Z four-edge-9d2cb9bbb3fe single job 46729.ip-192-168-54-24.us-west-2.compute.internal state R stages []
== 2026-09-22T03:18:46Z two-edge-8dd4bc70f183 single job 46730.ip-192-168-54-24.us-west-2.compute.internal state R stages []
== 2026-09-22T03:20:16Z four-edge-9d2cb9bbb3fe single job 46729.ip-192-168-54-24.us-west-2.compute.internal state R stages []
== 2026-09-22T03:20:16Z two-edge-8dd4bc70f183 single job 46730.ip-192-168-54-24.us-west-2.compute.internal state R stages []
== 2026-09-22T03:21:47Z four-edge-9d2cb9bbb3fe single job 46729.ip-192-168-54-24.us-west-2.compute.internal state R stages []
== 2026-09-22T03:21:47Z two-edge-8dd4bc70f183 single job 46730.ip-192-168-54-24.us-west-2.compute.internal state R stages []
== 2026-09-22T03:23:17Z four-edge-9d2cb9bbb3fe single job 46729.ip-192-168-54-24.us-west-2.compute.internal state R stages []
== 2026-09-22T03:23:17Z two-edge-8dd4bc70f183 single job 46730.ip-192-168-54-24.us-west-2.compute.internal state R stages []
== 2026-09-22T03:24:48Z four-edge-9d2cb9bbb3fe single job 46729.ip-192-168-54-24.us-west-2.compute.internal state R stages []
== 2026-09-22T03:24:48Z two-edge-8dd4bc70f183 single job 46730.ip-192-168-54-24.us-west-2.compute.internal state R stages [('two-edge-8dd4bc70f183-p4-worker', 'complete', 508)]
== 2026-09-22T03:26:18Z four-edge-9d2cb9bbb3fe single job 46729.ip-192-168-54-24.us-west-2.compute.internal state R stages []
== 2026-09-22T03:26:18Z two-edge-8dd4bc70f183 single job 46730.ip-192-168-54-24.us-west-2.compute.internal state R stages [('two-edge-8dd4bc70f183-p4-worker', 'complete', 508), ('two-edge-8dd4bc70f183-p4-reducer', 'complete', 149)]
== 2026-09-22T03:27:49Z four-edge-9d2cb9bbb3fe single job 46729.ip-192-168-54-24.us-west-2.compute.internal state R stages []
== 2026-09-22T03:27:49Z two-edge-8dd4bc70f183 single job 46730.ip-192-168-54-24.us-west-2.compute.internal state R stages [('two-edge-8dd4bc70f183-p4-worker', 'complete', 508), ('two-edge-8dd4bc70f183-p4-reducer', 'complete', 149)]
== 2026-09-22T03:29:19Z four-edge-9d2cb9bbb3fe single job 46729.ip-192-168-54-24.us-west-2.compute.internal state R stages []
== 2026-09-22T03:29:19Z two-edge-8dd4bc70f183 single job 46730.ip-192-168-54-24.us-west-2.compute.internal state R stages [('two-edge-8dd4bc70f183-p4-worker', 'complete', 508), ('two-edge-8dd4bc70f183-p4-reducer', 'complete', 149)]
== 2026-09-22T03:30:50Z four-edge-9d2cb9bbb3fe single job 46729.ip-192-168-54-24.us-west-2.compute.internal state R stages []
== 2026-09-22T03:30:50Z two-edge-8dd4bc70f183 single job 46730.ip-192-168-54-24.us-west-2.compute.internal state R stages [('two-edge-8dd4bc70f183-p4-worker', 'complete', 508), ('two-edge-8dd4bc70f183-p4-reducer', 'complete', 149)]
== 2026-09-22T03:32:20Z four-edge-9d2cb9bbb3fe single job 46729.ip-192-168-54-24.us-west-2.compute.internal state R stages []
== 2026-09-22T03:32:21Z two-edge-8dd4bc70f183 single job 46730.ip-192-168-54-24.us-west-2.compute.internal state R stages [('two-edge-8dd4bc70f183-p4-worker', 'complete', 508), ('two-edge-8dd4bc70f183-p4-reducer', 'complete', 149)]
== 2026-09-22T03:33:51Z four-edge-9d2cb9bbb3fe single job 46729.ip-192-168-54-24.us-west-2.compute.internal state R stages []
== 2026-09-22T03:33:51Z two-edge-8dd4bc70f183 single job 46730.ip-192-168-54-24.us-west-2.compute.internal state R stages [('two-edge-8dd4bc70f183-p4-worker', 'complete', 508), ('two-edge-8dd4bc70f183-p4-reducer', 'complete', 149)]
== 2026-09-22T03:35:21Z four-edge-9d2cb9bbb3fe single job 46729.ip-192-168-54-24.us-west-2.compute.internal state R stages []
== 2026-09-22T03:35:22Z two-edge-8dd4bc70f183 single job 46730.ip-192-168-54-24.us-west-2.compute.internal state R stages [('two-edge-8dd4bc70f183-p4-worker', 'complete', 508), ('two-edge-8dd4bc70f183-p4-reducer', 'complete', 149)]
== 2026-09-22T03:36:52Z four-edge-9d2cb9bbb3fe single job 46729.ip-192-168-54-24.us-west-2.compute.internal state R stages []
== 2026-09-22T03:36:52Z two-edge-8dd4bc70f183 single job 46730.ip-192-168-54-24.us-west-2.compute.internal state R stages [('two-edge-8dd4bc70f183-p4-worker', 'complete', 508), ('two-edge-8dd4bc70f183-p4-reducer', 'complete', 149)]
== 2026-09-22T03:38:22Z four-edge-9d2cb9bbb3fe single job 46729.ip-192-168-54-24.us-west-2.compute.internal state R stages [('four-edge-9d2cb9bbb3fe-p4-worker', 'complete', 1379)]
== 2026-09-22T03:38:23Z two-edge-8dd4bc70f183 single job 46730.ip-192-168-54-24.us-west-2.compute.internal state R stages [('two-edge-8dd4bc70f183-p4-worker', 'complete', 508), ('two-edge-8dd4bc70f183-p4-reducer', 'complete', 149)]
== 2026-09-22T03:39:53Z four-edge-9d2cb9bbb3fe single job 46729.ip-192-168-54-24.us-west-2.compute.internal state R stages [('four-edge-9d2cb9bbb3fe-p4-worker', 'complete', 1379)]
== 2026-09-22T03:39:53Z two-edge-8dd4bc70f183 single job 46730.ip-192-168-54-24.us-west-2.compute.internal state R stages [('two-edge-8dd4bc70f183-p4-worker', 'complete', 508), ('two-edge-8dd4bc70f183-p4-reducer', 'complete', 149)]
== 2026-09-22T03:41:23Z four-edge-9d2cb9bbb3fe single job 46729.ip-192-168-54-24.us-west-2.compute.internal state R stages [('four-edge-9d2cb9bbb3fe-p4-worker', 'complete', 1379)]
== 2026-09-22T03:41:24Z two-edge-8dd4bc70f183 single job 46730.ip-192-168-54-24.us-west-2.compute.internal state R stages [('two-edge-8dd4bc70f183-p4-worker', 'complete', 508), ('two-edge-8dd4bc70f183-p4-reducer', 'complete', 149)]
== 2026-09-22T03:42:54Z four-edge-9d2cb9bbb3fe single job 46729.ip-192-168-54-24.us-west-2.compute.internal state R stages [('four-edge-9d2cb9bbb3fe-p4-worker', 'complete', 1379)]
== 2026-09-22T03:42:54Z two-edge-8dd4bc70f183 single job 46730.ip-192-168-54-24.us-west-2.compute.internal state R stages [('two-edge-8dd4bc70f183-p4-worker', 'complete', 508), ('two-edge-8dd4bc70f183-p4-reducer', 'complete', 149)]
== 2026-09-22T03:44:25Z four-edge-9d2cb9bbb3fe single job 46729.ip-192-168-54-24.us-west-2.compute.internal state R stages [('four-edge-9d2cb9bbb3fe-p4-worker', 'complete', 1379)]
== 2026-09-22T03:44:25Z two-edge-8dd4bc70f183 single job 46730.ip-192-168-54-24.us-west-2.compute.internal state R stages [('two-edge-8dd4bc70f183-p4-worker', 'complete', 508), ('two-edge-8dd4bc70f183-p4-reducer', 'complete', 149)]
== 2026-09-22T03:45:55Z four-edge-9d2cb9bbb3fe single job 46729.ip-192-168-54-24.us-west-2.compute.internal state R stages [('four-edge-9d2cb9bbb3fe-p4-worker', 'complete', 1379)]
== 2026-09-22T03:45:55Z two-edge-8dd4bc70f183 single job 46730.ip-192-168-54-24.us-west-2.compute.internal state R stages [('two-edge-8dd4bc70f183-p4-worker', 'complete', 508), ('two-edge-8dd4bc70f183-p4-reducer', 'complete', 149)]
== 2026-09-22T03:47:26Z four-edge-9d2cb9bbb3fe single job 46729.ip-192-168-54-24.us-west-2.compute.internal state R stages [('four-edge-9d2cb9bbb3fe-p4-worker', 'complete', 1379)]
== 2026-09-22T03:47:26Z two-edge-8dd4bc70f183 single job 46730.ip-192-168-54-24.us-west-2.compute.internal state R stages [('two-edge-8dd4bc70f183-p4-worker', 'complete', 508), ('two-edge-8dd4bc70f183-p4-reducer', 'complete', 149)]
== 2026-09-22T03:48:56Z four-edge-9d2cb9bbb3fe single job 46729.ip-192-168-54-24.us-west-2.compute.internal state R stages [('four-edge-9d2cb9bbb3fe-p4-worker', 'complete', 1379), ('four-edge-9d2cb9bbb3fe-p4-reducer', 'complete', 562)]
== 2026-09-22T03:48:57Z two-edge-8dd4bc70f183 single job 46730.ip-192-168-54-24.us-west-2.compute.internal state R stages [('two-edge-8dd4bc70f183-p4-worker', 'complete', 508), ('two-edge-8dd4bc70f183-p4-reducer', 'complete', 149)]
== 2026-09-22T03:50:27Z four-edge-9d2cb9bbb3fe single job 46729.ip-192-168-54-24.us-west-2.compute.internal state R stages [('four-edge-9d2cb9bbb3fe-p4-worker', 'complete', 1379), ('four-edge-9d2cb9bbb3fe-p4-reducer', 'complete', 562)]
== 2026-09-22T03:50:27Z two-edge-8dd4bc70f183 single job 46730.ip-192-168-54-24.us-west-2.compute.internal state R stages [('two-edge-8dd4bc70f183-p4-worker', 'complete', 508), ('two-edge-8dd4bc70f183-p4-reducer', 'complete', 149)]
== 2026-09-22T03:51:57Z four-edge-9d2cb9bbb3fe single job 46729.ip-192-168-54-24.us-west-2.compute.internal state R stages [('four-edge-9d2cb9bbb3fe-p4-worker', 'complete', 1379), ('four-edge-9d2cb9bbb3fe-p4-reducer', 'complete', 562)]
== 2026-09-22T03:51:58Z two-edge-8dd4bc70f183 single job 46730.ip-192-168-54-24.us-west-2.compute.internal state R stages [('two-edge-8dd4bc70f183-p4-worker', 'complete', 508), ('two-edge-8dd4bc70f183-p4-reducer', 'complete', 149)]
== 2026-09-22T03:53:28Z four-edge-9d2cb9bbb3fe single job 46729.ip-192-168-54-24.us-west-2.compute.internal state R stages [('four-edge-9d2cb9bbb3fe-p4-worker', 'complete', 1379), ('four-edge-9d2cb9bbb3fe-p4-reducer', 'complete', 562)]
== 2026-09-22T03:53:28Z two-edge-8dd4bc70f183 single job 46730.ip-192-168-54-24.us-west-2.compute.internal state R stages [('two-edge-8dd4bc70f183-p4-worker', 'complete', 508), ('two-edge-8dd4bc70f183-p4-reducer', 'complete', 149)]
== 2026-09-22T03:54:58Z four-edge-9d2cb9bbb3fe single job 46729.ip-192-168-54-24.us-west-2.compute.internal state R stages [('four-edge-9d2cb9bbb3fe-p4-worker', 'complete', 1379), ('four-edge-9d2cb9bbb3fe-p4-reducer', 'complete', 562)]
== 2026-09-22T03:54:59Z two-edge-8dd4bc70f183 single job 46730.ip-192-168-54-24.us-west-2.compute.internal state R stages [('two-edge-8dd4bc70f183-p4-worker', 'complete', 508), ('two-edge-8dd4bc70f183-p4-reducer', 'complete', 149)]
== 2026-09-22T03:56:29Z four-edge-9d2cb9bbb3fe single job 46729.ip-192-168-54-24.us-west-2.compute.internal state R stages [('four-edge-9d2cb9bbb3fe-p4-worker', 'complete', 1379), ('four-edge-9d2cb9bbb3fe-p4-reducer', 'complete', 562)]
== 2026-09-22T03:56:29Z two-edge-8dd4bc70f183 single job 46730.ip-192-168-54-24.us-west-2.compute.internal state R stages [('two-edge-8dd4bc70f183-p4-worker', 'complete', 508), ('two-edge-8dd4bc70f183-p4-reducer', 'complete', 149)]
== 2026-09-22T03:57:59Z four-edge-9d2cb9bbb3fe single job 46729.ip-192-168-54-24.us-west-2.compute.internal state R stages [('four-edge-9d2cb9bbb3fe-p4-worker', 'complete', 1379), ('four-edge-9d2cb9bbb3fe-p4-reducer', 'complete', 562), ('four-edge-9d2cb9bbb3fe-p5-control-worker', 'complete', 532), ('four-edge-9d2cb9bbb3fe-p5-control-reducer', 'complete', 85)]
== 2026-09-22T03:58:00Z two-edge-8dd4bc70f183 single job 46730.ip-192-168-54-24.us-west-2.compute.internal state R stages [('two-edge-8dd4bc70f183-p4-worker', 'complete', 508), ('two-edge-8dd4bc70f183-p4-reducer', 'complete', 149), ('two-edge-8dd4bc70f183-p5-worker', 'complete', 1875)]
== 2026-09-22T03:59:30Z four-edge-9d2cb9bbb3fe single job 46729.ip-192-168-54-24.us-west-2.compute.internal state R stages [('four-edge-9d2cb9bbb3fe-p4-worker', 'complete', 1379), ('four-edge-9d2cb9bbb3fe-p4-reducer', 'complete', 562), ('four-edge-9d2cb9bbb3fe-p5-control-worker', 'complete', 532), ('four-edge-9d2cb9bbb3fe-p5-control-reducer', 'complete', 85), ('four-edge-9d2cb9bbb3fe-p3-control-worker', 'complete', 87)]
== 2026-09-22T03:59:30Z two-edge-8dd4bc70f183 single job 46730.ip-192-168-54-24.us-west-2.compute.internal state R stages [('two-edge-8dd4bc70f183-p4-worker', 'complete', 508), ('two-edge-8dd4bc70f183-p4-reducer', 'complete', 149), ('two-edge-8dd4bc70f183-p5-worker', 'complete', 1875)]
== 2026-09-22T04:01:01Z four-edge-9d2cb9bbb3fe single job 46729.ip-192-168-54-24.us-west-2.compute.internal state R stages [('four-edge-9d2cb9bbb3fe-p4-worker', 'complete', 1379), ('four-edge-9d2cb9bbb3fe-p4-reducer', 'complete', 562), ('four-edge-9d2cb9bbb3fe-p5-control-worker', 'complete', 532), ('four-edge-9d2cb9bbb3fe-p5-control-reducer', 'complete', 85), ('four-edge-9d2cb9bbb3fe-p3-control-worker', 'complete', 87), ('four-edge-9d2cb9bbb3fe-p3-control-reducer', 'complete', 42)]
== 2026-09-22T04:01:01Z two-edge-8dd4bc70f183 single job 46730.ip-192-168-54-24.us-west-2.compute.internal state R stages [('two-edge-8dd4bc70f183-p4-worker', 'complete', 508), ('two-edge-8dd4bc70f183-p4-reducer', 'complete', 149), ('two-edge-8dd4bc70f183-p5-worker', 'complete', 1875)]
== 2026-09-22T04:02:31Z four-edge-9d2cb9bbb3fe single job 46729.ip-192-168-54-24.us-west-2.compute.internal state R stages [('four-edge-9d2cb9bbb3fe-p4-worker', 'complete', 1379), ('four-edge-9d2cb9bbb3fe-p4-reducer', 'complete', 562), ('four-edge-9d2cb9bbb3fe-p5-control-worker', 'complete', 532), ('four-edge-9d2cb9bbb3fe-p5-control-reducer', 'complete', 85), ('four-edge-9d2cb9bbb3fe-p3-control-worker', 'complete', 87), ('four-edge-9d2cb9bbb3fe-p3-control-reducer', 'complete', 42)]
== 2026-09-22T04:02:32Z two-edge-8dd4bc70f183 single job 46730.ip-192-168-54-24.us-west-2.compute.internal state R stages [('two-edge-8dd4bc70f183-p4-worker', 'complete', 508), ('two-edge-8dd4bc70f183-p4-reducer', 'complete', 149), ('two-edge-8dd4bc70f183-p5-worker', 'complete', 1875)]
== 2026-09-22T04:04:02Z four-edge-9d2cb9bbb3fe single job 46729.ip-192-168-54-24.us-west-2.compute.internal state R stages [('four-edge-9d2cb9bbb3fe-p4-worker', 'complete', 1379), ('four-edge-9d2cb9bbb3fe-p4-reducer', 'complete', 562), ('four-edge-9d2cb9bbb3fe-p5-control-worker', 'complete', 532), ('four-edge-9d2cb9bbb3fe-p5-control-reducer', 'complete', 85), ('four-edge-9d2cb9bbb3fe-p3-control-worker', 'complete', 87), ('four-edge-9d2cb9bbb3fe-p3-control-reducer', 'complete', 42)]
== 2026-09-22T04:04:02Z two-edge-8dd4bc70f183 single job 46730.ip-192-168-54-24.us-west-2.compute.internal state R stages [('two-edge-8dd4bc70f183-p4-worker', 'complete', 508), ('two-edge-8dd4bc70f183-p4-reducer', 'complete', 149), ('two-edge-8dd4bc70f183-p5-worker', 'complete', 1875)]
== 2026-09-22T04:05:32Z four-edge-9d2cb9bbb3fe single job 46729.ip-192-168-54-24.us-west-2.compute.internal state None stages [('four-edge-9d2cb9bbb3fe-p4-worker', 'complete', 1379), ('four-edge-9d2cb9bbb3fe-p4-reducer', 'complete', 562), ('four-edge-9d2cb9bbb3fe-p5-control-worker', 'complete', 532), ('four-edge-9d2cb9bbb3fe-p5-control-reducer', 'complete', 85), ('four-edge-9d2cb9bbb3fe-p3-control-worker', 'complete', 87), ('four-edge-9d2cb9bbb3fe-p3-control-reducer', 'complete', 42), ('four-edge-9d2cb9bbb3fe-p4-local-edge', 'complete', 279)]
four-edge-9d2cb9bbb3fe: Passed (every gate passed)
== 2026-09-22T04:06:20Z two-edge-8dd4bc70f183 single job 46730.ip-192-168-54-24.us-west-2.compute.internal state R stages [('two-edge-8dd4bc70f183-p4-worker', 'complete', 508), ('two-edge-8dd4bc70f183-p4-reducer', 'complete', 149), ('two-edge-8dd4bc70f183-p5-worker', 'complete', 1875), ('two-edge-8dd4bc70f183-p5-reducer', 'complete', 443)]
== 2026-09-22T04:07:50Z two-edge-8dd4bc70f183 single job 46730.ip-192-168-54-24.us-west-2.compute.internal state R stages [('two-edge-8dd4bc70f183-p4-worker', 'complete', 508), ('two-edge-8dd4bc70f183-p4-reducer', 'complete', 149), ('two-edge-8dd4bc70f183-p5-worker', 'complete', 1875), ('two-edge-8dd4bc70f183-p5-reducer', 'complete', 443)]
== 2026-09-22T04:09:20Z two-edge-8dd4bc70f183 single job 46730.ip-192-168-54-24.us-west-2.compute.internal state R stages [('two-edge-8dd4bc70f183-p4-worker', 'complete', 508), ('two-edge-8dd4bc70f183-p4-reducer', 'complete', 149), ('two-edge-8dd4bc70f183-p5-worker', 'complete', 1875), ('two-edge-8dd4bc70f183-p5-reducer', 'complete', 443), ('two-edge-8dd4bc70f183-p5-control-worker', 'complete', 231), ('two-edge-8dd4bc70f183-p5-control-reducer', 'complete', 26)]
== 2026-09-22T04:10:51Z two-edge-8dd4bc70f183 single job 46730.ip-192-168-54-24.us-west-2.compute.internal state R stages [('two-edge-8dd4bc70f183-p4-worker', 'complete', 508), ('two-edge-8dd4bc70f183-p4-reducer', 'complete', 149), ('two-edge-8dd4bc70f183-p5-worker', 'complete', 1875), ('two-edge-8dd4bc70f183-p5-reducer', 'complete', 443), ('two-edge-8dd4bc70f183-p5-control-worker', 'complete', 231), ('two-edge-8dd4bc70f183-p5-control-reducer', 'complete', 26), ('two-edge-8dd4bc70f183-p3-control-worker', 'complete', 32), ('two-edge-8dd4bc70f183-p3-control-reducer', 'complete', 12)]
== 2026-09-22T04:12:21Z two-edge-8dd4bc70f183 single job 46730.ip-192-168-54-24.us-west-2.compute.internal state None stages [('two-edge-8dd4bc70f183-p4-worker', 'complete', 508), ('two-edge-8dd4bc70f183-p4-reducer', 'complete', 149), ('two-edge-8dd4bc70f183-p5-worker', 'complete', 1875), ('two-edge-8dd4bc70f183-p5-reducer', 'complete', 443), ('two-edge-8dd4bc70f183-p5-control-worker', 'complete', 231), ('two-edge-8dd4bc70f183-p5-control-reducer', 'complete', 26), ('two-edge-8dd4bc70f183-p3-control-worker', 'complete', 32), ('two-edge-8dd4bc70f183-p3-control-reducer', 'complete', 12), ('two-edge-8dd4bc70f183-p4-local-edge', 'complete', 103)]
two-edge-8dd4bc70f183: Failed (failing gates ['p_MA'] (p_SA not applicable))
four-edge-9d2cb9bbb3fe: qualified verdict Passed
two-edge-8dd4bc70f183: failed verdict Failed
LIBRARY attempted 2 qualified 1 pending 0 failed 1 planned 0 skipped 0 unsupported 0 node-h 1.763 jobs 2/2 (cap 40); record /tmp/library-ma-sharp-01/library-qualification.json
